// Jest Snapshot v1, https://goo.gl/fbAQLP

exports[`index.ts Public API snapshot ensure there are no unexpected changes to our public exports 1`] = `
{
  "CHANGE_CONNECTION_STATUS": "CHANGE_CONNECTION_STATUS",
  "CHANGE_OFFLINE_STATUS": undefined,
  "CHANGE_PAYMENT_STATUS": "CHANGE_PAYMENT_STATUS",
  "CollectDataType": {
    "MAGSTRIPE": "magstripe",
    "NFC_UID": "nfcUid",
    "UNKNOWN": "unknown",
  },
  "DarkMode": {
    "DARK": "dark",
    "LIGHT": "light",
    "SYSTEM": "system",
  },
  "ErrorCode": {
    "ACCOUNT_ID_MISMATCH_WHILE_FORWARDING": "ACCOUNT_ID_MISMATCH_WHILE_FORWARDING",
    "ALLOW_REDISPLAY_INVALID": "ALLOW_REDISPLAY_INVALID",
    "ALREADY_CONNECTED_TO_READER": "ALREADY_CONNECTED_TO_READER",
    "AMOUNT_EXCEEDS_MAX_OFFLINE_AMOUNT": "AMOUNT_EXCEEDS_MAX_OFFLINE_AMOUNT",
    "ANDROID_API_LEVEL_ERROR": "ANDROID_API_LEVEL_ERROR",
    "BLUETOOTH_DISCONNECTED": "BLUETOOTH_DISCONNECTED",
    "BLUETOOTH_ERROR": "BLUETOOTH_ERROR",
    "BLUETOOTH_LOW_ENERGY_UNSUPPORTED": "BLUETOOTH_LOW_ENERGY_UNSUPPORTED",
    "BLUETOOTH_PERMISSION_DENIED": "BLUETOOTH_PERMISSION_DENIED",
    "BLUETOOTH_RECONNECT_STARTED": "BLUETOOTH_RECONNECT_STARTED",
    "BLUETOOTH_SCAN_TIMED_OUT": "BLUETOOTH_SCAN_TIMED_OUT",
    "CANCELED": "CANCELED",
    "CANCELED_DUE_TO_INTEGRATION_ERROR": "CANCELED_DUE_TO_INTEGRATION_ERROR",
    "CANCEL_FAILED": "CANCEL_FAILED",
    "CARD_INSERT_NOT_READ": "CARD_INSERT_NOT_READ",
    "CARD_LEFT_IN_READER": "CARD_LEFT_IN_READER",
    "CARD_READ_TIMED_OUT": "CARD_READ_TIMED_OUT",
    "CARD_REMOVED": "CARD_REMOVED",
    "CARD_SWIPE_NOT_AVAILABLE": "CARD_SWIPE_NOT_AVAILABLE",
    "CARD_SWIPE_NOT_READ": "CARD_SWIPE_NOT_READ",
    "COLLECT_INPUTS_APPLICATION_ERROR": "COLLECT_INPUTS_APPLICATION_ERROR",
    "COLLECT_INPUTS_INVALID_PARAMETER": "COLLECT_INPUTS_INVALID_PARAMETER",
    "COLLECT_INPUTS_TIMED_OUT": "COLLECT_INPUTS_TIMED_OUT",
    "COLLECT_INPUTS_UNSUPPORTED": "COLLECT_INPUTS_UNSUPPORTED",
    "CONFIRM_INVALID_PAYMENT_INTENT": "CONFIRM_INVALID_PAYMENT_INTENT",
    "CONFIRM_INVALID_SETUP_INTENT": "CONFIRM_INVALID_SETUP_INTENT",
    "CONNECTION_TOKEN_PROVIDER_ERROR": "CONNECTION_TOKEN_PROVIDER_ERROR",
    "CONNECTION_TOKEN_PROVIDER_ERROR_WHILE_FORWARDING": "CONNECTION_TOKEN_PROVIDER_ERROR_WHILE_FORWARDING",
    "CUSTOMER_CONSENT_REQUIRED": "CUSTOMER_CONSENT_REQUIRED",
    "DECLINED_BY_READER": "DECLINED_BY_READER",
    "DECLINED_BY_STRIPE_API": "DECLINED_BY_STRIPE_API",
    "FEATURE_NOT_ENABLED_ON_ACCOUNT": "FEATURE_NOT_ENABLED_ON_ACCOUNT",
    "FORCE_OFFLINE_WITH_FEATURE_DISABLED": "FORCE_OFFLINE_WITH_FEATURE_DISABLED",
    "GENERIC_READER_ERROR": "GENERIC_READER_ERROR",
    "INTERAC_NOT_SUPPORTED_OFFLINE": "INTERAC_NOT_SUPPORTED_OFFLINE",
    "INVALID_CLIENT_SECRET": "INVALID_CLIENT_SECRET",
    "INVALID_MOTO_CONFIGURATION": "INVALID_MOTO_CONFIGURATION",
    "INVALID_OFFLINE_CURRENCY": "INVALID_OFFLINE_CURRENCY",
    "INVALID_REQUIRED_PARAMETER": "INVALID_REQUIRED_PARAMETER",
    "INVALID_SURCHARGE_PARAMETER": "INVALID_SURCHARGE_PARAMETER",
    "INVALID_TIP_PARAMETER": "INVALID_TIP_PARAMETER",
    "LOCATION_CONNECTION_NOT_AVAILABLE_OFFLINE": "LOCATION_CONNECTION_NOT_AVAILABLE_OFFLINE",
    "LOCATION_SERVICES_DISABLED": "LOCATION_SERVICES_DISABLED",
    "MISSING_EMV_DATA": "MISSING_EMV_DATA",
    "MISSING_PREREQUISITE": "MISSING_PREREQUISITE",
    "MISSING_REQUIRED_PARAMETER": "MISSING_REQUIRED_PARAMETER",
    "MOBILE_WALLET_NOT_SUPPORTED_ON_SETUP_INTENTS": "MOBILE_WALLET_NOT_SUPPORTED_ON_SETUP_INTENTS",
    "NOT_CONNECTED_TO_INTERNET_AND_REQUIRE_ONLINE_SET": "NOT_CONNECTED_TO_INTERNET_AND_REQUIRE_ONLINE_SET",
    "NOT_CONNECTED_TO_READER": "NOT_CONNECTED_TO_READER",
    "NO_LAST_SEEN_ACCOUNT": "NO_LAST_SEEN_ACCOUNT",
    "OFFLINE_AND_CARD_EXPIRED": "OFFLINE_AND_CARD_EXPIRED",
    "OFFLINE_COLLECT_AND_CONFIRM_MISMATCH": "OFFLINE_COLLECT_AND_CONFIRM_MISMATCH",
    "OFFLINE_ENCRYPTION_KEYS_UNAVAILABLE": "OFFLINE_ENCRYPTION_KEYS_UNAVAILABLE",
    "OFFLINE_LIVEMODE_PAYMENT_IN_TESTMODE": "OFFLINE_LIVEMODE_PAYMENT_IN_TESTMODE",
    "OFFLINE_MODE_UNSUPPORTED_ANDROID_VERSION": "OFFLINE_MODE_UNSUPPORTED_ANDROID_VERSION",
    "OFFLINE_PAYMENTS_DATABASE_TOO_LARGE": "OFFLINE_PAYMENTS_DATABASE_TOO_LARGE",
    "OFFLINE_PAYMENT_INTENT_NOT_FOUND": "OFFLINE_PAYMENT_INTENT_NOT_FOUND",
    "OFFLINE_TESTMODE_PAYMENT_IN_LIVEMODE": "OFFLINE_TESTMODE_PAYMENT_IN_LIVEMODE",
    "OFFLINE_TRANSACTION_DECLINED": "OFFLINE_TRANSACTION_DECLINED",
    "ONLINE_PIN_NOT_SUPPORTED_OFFLINE": "ONLINE_PIN_NOT_SUPPORTED_OFFLINE",
    "PRINTER_ABSENT": "PRINTER_ABSENT",
    "PRINTER_BUSY": "PRINTER_BUSY",
    "PRINTER_COVER_OPEN": "PRINTER_COVER_OPEN",
    "PRINTER_ERROR": "PRINTER_ERROR",
    "PRINTER_OUT_OF_PAPER": "PRINTER_OUT_OF_PAPER",
    "PRINTER_PAPERJAM": "PRINTER_PAPERJAM",
    "PRINTER_UNAVAILABLE": "PRINTER_UNAVAILABLE",
    "READER_BATTERY_CRITICALLY_LOW": "READER_BATTERY_CRITICALLY_LOW",
    "READER_BUSY": "READER_BUSY",
    "READER_COMMUNICATION_ERROR": "READER_COMMUNICATION_ERROR",
    "READER_COMMUNICATION_SSL_ERROR": "READER_COMMUNICATION_SSL_ERROR",
    "READER_CONNECTED_TO_ANOTHER_DEVICE": "READER_CONNECTED_TO_ANOTHER_DEVICE",
    "READER_CONNECTION_NOT_AVAILABLE_OFFLINE": "READER_CONNECTION_NOT_AVAILABLE_OFFLINE",
    "READER_MISSING_ENCRYPTION_KEYS": "READER_MISSING_ENCRYPTION_KEYS",
    "READER_SETTINGS_ERROR": "READER_SETTINGS_ERROR",
    "READER_SOFTWARE_UPDATE_FAILED": "READER_SOFTWARE_UPDATE_FAILED",
    "READER_SOFTWARE_UPDATE_FAILED_BATTERY_LOW": "READER_SOFTWARE_UPDATE_FAILED_BATTERY_LOW",
    "READER_SOFTWARE_UPDATE_FAILED_INTERRUPTED": "READER_SOFTWARE_UPDATE_FAILED_INTERRUPTED",
    "READER_SOFTWARE_UPDATE_FAILED_READER_ERROR": "READER_SOFTWARE_UPDATE_FAILED_READER_ERROR",
    "READER_SOFTWARE_UPDATE_FAILED_SERVER_ERROR": "READER_SOFTWARE_UPDATE_FAILED_SERVER_ERROR",
    "READER_TAMPERED": "READER_TAMPERED",
    "REQUEST_TIMED_OUT": "REQUEST_TIMED_OUT",
    "SESSION_EXPIRED": "SESSION_EXPIRED",
    "STRIPE_API_CONNECTION_ERROR": "STRIPE_API_CONNECTION_ERROR",
    "STRIPE_API_ERROR": "STRIPE_API_ERROR",
    "STRIPE_API_RESPONSE_DECODING_ERROR": "STRIPE_API_RESPONSE_DECODING_ERROR",
    "TAP_TO_PAY_DEBUG_NOT_SUPPORTED": "TAP_TO_PAY_DEBUG_NOT_SUPPORTED",
    "TAP_TO_PAY_DEVICE_TAMPERED": "TAP_TO_PAY_DEVICE_TAMPERED",
    "TAP_TO_PAY_INSECURE_ENVIRONMENT": "TAP_TO_PAY_INSECURE_ENVIRONMENT",
    "TAP_TO_PAY_LIBRARY_NOT_INCLUDED": "TAP_TO_PAY_LIBRARY_NOT_INCLUDED",
    "TAP_TO_PAY_NFC_DISABLED": "TAP_TO_PAY_NFC_DISABLED",
    "TAP_TO_PAY_UNSUPPORTED_ANDROID_VERSION": "TAP_TO_PAY_UNSUPPORTED_ANDROID_VERSION",
    "TAP_TO_PAY_UNSUPPORTED_DEVICE": "TAP_TO_PAY_UNSUPPORTED_DEVICE",
    "TAP_TO_PAY_UNSUPPORTED_PROCESSOR": "TAP_TO_PAY_UNSUPPORTED_PROCESSOR",
    "TEST_CARD_IN_LIVEMODE": "TEST_CARD_IN_LIVEMODE",
    "UNEXPECTED_OPERATION": "UNEXPECTED_OPERATION",
    "UNEXPECTED_SDK_ERROR": "UNEXPECTED_SDK_ERROR",
    "UNSUPPORTED_OPERATION": "UNSUPPORTED_OPERATION",
    "UNSUPPORTED_READER_VERSION": "UNSUPPORTED_READER_VERSION",
    "UNSUPPORTED_SDK": "UNSUPPORTED_SDK",
    "USB_DISCONNECTED": "USB_DISCONNECTED",
    "USB_DISCOVERY_TIMED_OUT": "USB_DISCOVERY_TIMED_OUT",
    "USB_PERMISSION_DENIED": "USB_PERMISSION_DENIED",
    "USB_RECONNECT_STARTED": "USB_RECONNECT_STARTED",
  },
  "FETCH_TOKEN_PROVIDER": "FETCH_TOKEN_PROVIDER",
  "FINISH_DISCOVERING_READERS": "FINISH_DISCOVERING_READERS",
  "FINISH_INSTALLING_UPDATE": "FINISH_INSTALLING_UPDATE",
  "FORWARD_PAYMENT_INTENT": undefined,
  "FormType": {
    "EMAIL": "email",
    "NUMERIC": "numeric",
    "PHONE": "phone",
    "SELECTION": "selection",
    "SIGNATURE": "signature",
    "TEXT": "text",
  },
  "PaymentIntent": undefined,
  "PaymentMethod": undefined,
  "READER_RECONNECT_FAIL": undefined,
  "READER_RECONNECT_SUCCEED": undefined,
  "REPORT_AVAILABLE_UPDATE": "REPORT_AVAILABLE_UPDATE",
  "REPORT_FORWARDING_ERROR": undefined,
  "REPORT_UPDATE_PROGRESS": "REPORT_UPDATE_PROGRESS",
  "REQUEST_READER_DISPLAY_MESSAGE": "REQUEST_READER_DISPLAY_MESSAGE",
  "REQUEST_READER_INPUT": "REQUEST_READER_INPUT",
  "Reader": undefined,
  "Refund": undefined,
  "START_INSTALLING_UPDATE": "START_INSTALLING_UPDATE",
  "START_READER_RECONNECT": undefined,
  "SelectionButtonStyle": {
    "PRIMARY": "primary",
    "SECONDARY": "secondary",
  },
  "SetupIntent": undefined,
  "StripeErrorMetadataKeys": {
    "IOS_DEVICE_BANNED_UNTIL_DATE": "deviceBannedUntilDate",
    "IOS_HTTP_STATUS_CODE": "httpStatusCode",
    "IOS_OFFLINE_DECLINE_REASON": "offlineDeclineReason",
    "IOS_PREPARE_FAILED_REASON": "prepareFailedReason",
    "IOS_READER_MESSAGE": "readerMessage",
    "IOS_STRIPE_API_FAILURE_REASON": "stripeAPIFailureReason",
    "IOS_STRIPE_API_REQUEST_ID": "stripeAPIRequestId",
  },
  "StripeTerminalProvider": [Function],
  "StripeTerminalSdk": {
    "getConstants": [Function],
  },
  "TapZoneIndicator": {
    "ABOVE": "above",
    "BEHIND": "behind",
    "BELOW": "below",
    "DEFAULT": "default",
    "FRONT": "front",
  },
  "ToggleResult": {
    "DISABLED": "disabled",
    "ENABLED": "enabled",
    "SKIPPED": "skipped",
  },
  "ToggleValue": {
    "DISABLED": "disabled",
    "ENABLED": "enabled",
  },
  "UPDATE_DISCOVERED_READERS": "UPDATE_DISCOVERED_READERS",
  "checkIfObjectIsStripeError": [Function],
  "getSdkVersion": [Function],
  "requestNeededAndroidPermissions": [Function],
  "useStripeTerminal": [Function],
  "withStripeTerminal": [Function],
}
`;
