// Jest Snapshot v1, https://goo.gl/fbAQLP

exports[`useStripeTerminal.test.tsx Public API snapshot ensure there are no unexpected changes to the hook exports 1`] = `
Object {
  "current": Object {
    "cancelCollectInputs": [Function],
    "cancelCollectPaymentMethod": [Function],
    "cancelCollectRefundPaymentMethod": [Function],
    "cancelCollectSetupIntent": [Function],
    "cancelDiscovering": [Function],
    "cancelInstallingUpdate": [Function],
    "cancelPaymentIntent": [Function],
    "cancelReaderReconnection": [Function],
    "cancelSetupIntent": [Function],
    "clearCachedCredentials": [Function],
    "clearReaderDisplay": [Function],
    "collectData": [Function],
    "collectInputs": [Function],
    "collectPaymentMethod": [Function],
    "collectRefundPaymentMethod": [Function],
    "collectSetupIntentPaymentMethod": [Function],
    "confirmPaymentIntent": [Function],
    "confirmRefund": [Function],
    "confirmSetupIntent": [Function],
    "connectReader": [Function],
    "connectedReader": null,
    "createPaymentIntent": [Function],
    "createSetupIntent": [Function],
    "disconnectReader": [Function],
    "discoverReaders": [Function],
    "discoveredReaders": Array [],
    "emitter": undefined,
    "getConnectedReader": [Function],
    "getConnectionStatus": [Function],
    "getLocations": [Function],
    "getNativeSdkVersion": [Function],
    "getOfflineStatus": [Function],
    "getPaymentStatus": [Function],
    "getReaderSettings": [Function],
    "initialize": [Function],
    "installAvailableUpdate": [Function],
    "isInitialized": false,
    "loading": false,
    "rebootReader": [Function],
    "retrievePaymentIntent": [Function],
    "retrieveSetupIntent": [Function],
    "setReaderDisplay": [Function],
    "setReaderSettings": [Function],
    "setSimulatedCard": [Function],
    "setTapToPayUxConfiguration": [Function],
    "simulateReaderUpdate": [Function],
    "supportsReadersOfType": [Function],
  },
}
`;
